Это тестовый файл для проверки работы GitHub Actions.